exports[`Index has correct default options 1`] = `
<div
  onClick={[Function _onClickTest]} />
`;
